// Jest Snapshot v1, https://goo.gl/fbAQLP

exports[`GridLegend renders correctly 1`] = `
<div
  className="sc-AxjAm bdwZFi"
>
  <div
    className="sc-AxirZ icCRxH"
  >
    <div
      className="sc-AxiKw bToHce"
      color="#2b580c"
    />
    Start Position
  </div>
  <div
    className="sc-AxirZ icCRxH"
  >
    <div
      className="sc-AxiKw isfYCT"
      color="#900c3f"
    />
    End Position
  </div>
  <div
    className="sc-AxirZ icCRxH"
  >
    <div
      className="sc-AxiKw tWCEw"
      color="#639a67"
    />
    Selected Rover Path
  </div>
  <div
    className="sc-AxirZ icCRxH"
  >
    <div
      className="sc-AxiKw ghCWqq"
      color="#ff5733"
    />
    Other Rovers
  </div>
</div>
`;
