// Jest Snapshot v1, https://goo.gl/fbAQLP

exports[`Page renders correctly 1`] = `
<div
  className="sc-fzoyAV eBXtFT"
>
  <div
    className="sc-AxirZ jbpFxm"
    id="tsparticles"
  >
    <canvas
      style={
        Object {
          "height": "100%",
          "width": "100%",
        }
      }
    />
  </div>
  <div
    className="sc-fzoLag gEXVFj"
  >
    <h1
      className="sc-AxjAm ekUCH"
    >
      Mars Rover
    </h1>
    <p
      className="sc-fzoXzr hiUqXh"
    >
      Insert your input here:
    </p>
    <div
      className="sc-fzpjYC gtCHiX"
    >
      <textarea
        className="sc-fznJRM dvQzZ"
        onChange={[Function]}
        value="15 15
1 2 N
LMLMLMLMM
3 3 E
MMRMMRMRRM
14 14 S
MMMMRMMMMMMMMMLMMMMRMMMMMMRMMMMMMM
8 5 N
LMLMLMLMM
3 12 N
MMMMMMMMMMMRMMMMMM
7 7 N
LMLMLMLMM
9 9 N
LMLMLMLMM
"
      />
      <div
        className="sc-AxhUy hHkuEX"
      >
        <svg
          className="sc-AxgMl fCKlsa"
          fill="currentColor"
          height="1em"
          stroke="currentColor"
          strokeWidth="0"
          style={
            Object {
              "color": undefined,
            }
          }
          viewBox="0 0 512 512"
          width="1em"
          xmlns="http://www.w3.org/2000/svg"
        >
          <path
            d="M256 8C119.043 8 8 119.083 8 256c0 136.997 111.043 248 248 248s248-111.003 248-248C504 119.083 392.957 8 256 8zm0 110c23.196 0 42 18.804 42 42s-18.804 42-42 42-42-18.804-42-42 18.804-42 42-42zm56 254c0 6.627-5.373 12-12 12h-88c-6.627 0-12-5.373-12-12v-24c0-6.627 5.373-12 12-12h12v-64h-12c-6.627 0-12-5.373-12-12v-24c0-6.627 5.373-12 12-12h64c6.627 0 12 5.373 12 12v100h12c6.627 0 12 5.373 12 12v24z"
          />
        </svg>
        <div
          className="sc-AxheI eIelhe"
        >
          <p
            className="sc-Axmtr cdsaXg"
          >
            The 
            <span
              className="sc-AxmLO jCqoea"
            >
              first line of input
            </span>
             is the upper-right coordinates of the plateau, the lower-left coordinates are assumed to be 0,0.
          </p>
          <p
            className="sc-Axmtr cdsaXg"
          >
            The rest of the input is information pertaining to the rovers that have been deployed. Each rover has two lines of input. The first line gives the rover's position, and the second line is a series of instructions telling the rover how to explore the plateau.
          </p>
          <p
            className="sc-Axmtr cdsaXg"
          >
            The position is made up of two integers and a letter separated by spaces, corresponding to the x and y co-ordinates and the rover's orientation.
          </p>
          <p
            className="sc-Axmtr cdsaXg"
          >
            Example:
            

            5 5
            

            2 N LMLMLMLMM
            

            3 3 E MMRMMRMRRM
          </p>
          <p
            className="sc-Axmtr cdsaXg"
          >
            If you need more help, look here:
            

            <a
              className="sc-fzozJi bcrwuz"
              href="https://code.google.com/archive/p/marsrovertechchallenge/"
              target="_blank"
            >
              https://code.google.com/archive/p/marsrovertechchallenge/
            </a>
          </p>
        </div>
      </div>
    </div>
    <div
      className="sc-AxiKw byiTWX"
    />
    <button
      className="sc-AxhCb fTFSWH sc-fzoiQi kfmQsg"
      onClick={[Function]}
    >
      Calculate
    </button>
    <div
      className="sc-fznxsB fzbVxk"
    >
      <textarea
        className="sc-fznJRM sc-fznWqX hrLwwh"
        readOnly={true}
        value=""
      />
    </div>
  </div>
</div>
`;
